[     352ms] Error: A <Select.Item /> must have a value prop that is not an empty string. This is because the Select value can be set to an empty string to clear the selection and show the placeholder.
    at https://app.vidgenatar.com/_next/static/chunks/0wa.b_.-lozpw.js:1:73931
    at ay (https://app.vidgenatar.com/_next/static/chunks/0n~dq4kpx9xxx.js:1:63845)
    at oH (https://app.vidgenatar.com/_next/static/chunks/0n~dq4kpx9xxx.js:1:81849)
    at iu (https://app.vidgenatar.com/_next/static/chunks/0n~dq4kpx9xxx.js:1:98940)
    at sd (https://app.vidgenatar.com/_next/static/chunks/0n~dq4kpx9xxx.js:1:138944)
    at https://app.vidgenatar.com/_next/static/chunks/0n~dq4kpx9xxx.js:1:138789
    at sf (https://app.vidgenatar.com/_next/static/chunks/0n~dq4kpx9xxx.js:1:138797)
    at se (https://app.vidgenatar.com/_next/static/chunks/0n~dq4kpx9xxx.js:1:134718)
    at sQ (https://app.vidgenatar.com/_next/static/chunks/0n~dq4kpx9xxx.js:1:160616)
    at sU (https://app.vidgenatar.com/_next/static/chunks/0n~dq4kpx9xxx.js:1:158830)
[ 1358628ms] Error: A <Select.Item /> must have a value prop that is not an empty string. This is because the Select value can be set to an empty string to clear the selection and show the placeholder.
    at https://app.vidgenatar.com/_next/static/chunks/0wa.b_.-lozpw.js:1:73931
    at ay (https://app.vidgenatar.com/_next/static/chunks/0n~dq4kpx9xxx.js:1:63845)
    at oH (https://app.vidgenatar.com/_next/static/chunks/0n~dq4kpx9xxx.js:1:81849)
    at iu (https://app.vidgenatar.com/_next/static/chunks/0n~dq4kpx9xxx.js:1:98940)
    at sd (https://app.vidgenatar.com/_next/static/chunks/0n~dq4kpx9xxx.js:1:138944)
    at https://app.vidgenatar.com/_next/static/chunks/0n~dq4kpx9xxx.js:1:138789
    at sf (https://app.vidgenatar.com/_next/static/chunks/0n~dq4kpx9xxx.js:1:138797)
    at se (https://app.vidgenatar.com/_next/static/chunks/0n~dq4kpx9xxx.js:1:134718)
    at sQ (https://app.vidgenatar.com/_next/static/chunks/0n~dq4kpx9xxx.js:1:160616)
    at sU (https://app.vidgenatar.com/_next/static/chunks/0n~dq4kpx9xxx.js:1:158830)
